tabs=1 active=prose.md line=3 col=91 sel=0 dirty=0 lang=Markdown focus=0 theme=rhun-dark
tabs=1 active=prose.md line=3 col=261 sel=0 dirty=0 lang=Markdown focus=0 theme=rhun-dark
tabs=1 active=prose.md line=3 col=120 sel=0 dirty=0 lang=Markdown focus=0 theme=rhun-dark
tabs=1 active=prose.md line=3 col=290 sel=170 dirty=0 lang=Markdown focus=0 theme=rhun-dark
tabs=1 active=prose.md line=6 col=148 sel=0 dirty=0 lang=Markdown focus=0 theme=rhun-dark
tabs=1 active=prose.md line=6 col=149 sel=0 dirty=1 lang=Markdown focus=0 theme=rhun-dark
tabs=1 active=prose.md line=6 col=179 sel=0 dirty=0 lang=Markdown focus=0 theme=rhun-dark
tabs=1 active=prose.md line=8 col=1 sel=0 dirty=0 lang=Markdown focus=0 theme=rhun-dark
tabs=1 active=prose.md line=8 col=1 sel=0 dirty=0 lang=Markdown focus=0 theme=rhun-dark
